// Jest Snapshot v1, https://goo.gl/fbAQLP

exports[`PatientHeaderData should match snapshot 1`] = `
<PatientHeaderData>
  <div
    className="patientHeaderContainer"
    data-testid="container"
  >
    <h2
      className="patientHeaderGreeting"
      data-testid="welcome"
    >
      Welcome
      , 
      <span
        className="patientName"
      >
        Ana Maria
      </span>
    </h2>
    <button
      className="patientHeaderAvatar"
      onClick={[MockFunction]}
    >
      <Avatar
        hasBorder={true}
        role="NonEmployee"
        src="mockSrc"
        width={55}
      />
    </button>
    <div
      className="verticalLine"
    />
    <div
      className="fontSettingContainer"
    >
      <FontSizeSetting>
        <div
          className="fontSetting"
        >
          <Row>
            <div
              className="row"
            >
              <Col>
                <div
                  className="col"
                >
                  <div
                    className="fontSizes"
                  >
                    <Nav
                      defaultActiveKey="font-small"
                      fill={false}
                      justify={false}
                      onSelect={[Function]}
                    >
                      <Nav
                        activeKey="font-small"
                        as="div"
                        className="nav"
                        onSelect={[Function]}
                      >
                        <div
                          className="nav"
                          onKeyDown={[Function]}
                        >
                          <NavItem>
                            <div
                              className="nav-item"
                            >
                              <NavLink
                                disabled={false}
                                eventKey="font-small"
                              >
                                <Anchor
                                  className="nav-link active"
                                  data-rr-ui-event-key="font-small"
                                  disabled={false}
                                  onClick={[Function]}
                                >
                                  <a
                                    className="nav-link active"
                                    data-rr-ui-event-key="font-small"
                                    onClick={[Function]}
                                    onKeyDown={[Function]}
                                    role="button"
                                    tabIndex={0}
                                  >
                                    <div
                                      className="fontSizeSmall"
                                    >
                                      <img
                                        alt="font-small"
                                        src="font-icon-blue.svg"
                                      />
                                    </div>
                                  </a>
                                </Anchor>
                              </NavLink>
                            </div>
                          </NavItem>
                          <NavItem>
                            <div
                              className="nav-item"
                            >
                              <NavLink
                                disabled={false}
                                eventKey="font-medium"
                              >
                                <Anchor
                                  className="nav-link"
                                  data-rr-ui-event-key="font-medium"
                                  disabled={false}
                                  onClick={[Function]}
                                >
                                  <a
                                    className="nav-link"
                                    data-rr-ui-event-key="font-medium"
                                    onClick={[Function]}
                                    onKeyDown={[Function]}
                                    role="button"
                                    tabIndex={0}
                                  >
                                    <div
                                      className="fontSizeMedium"
                                    >
                                      <img
                                        alt="font-medium"
                                        src="font-icon-blue.svg"
                                      />
                                    </div>
                                  </a>
                                </Anchor>
                              </NavLink>
                            </div>
                          </NavItem>
                          <NavItem>
                            <div
                              className="nav-item"
                            >
                              <NavLink
                                disabled={false}
                                eventKey="font-large"
                              >
                                <Anchor
                                  className="nav-link"
                                  data-rr-ui-event-key="font-large"
                                  disabled={false}
                                  onClick={[Function]}
                                >
                                  <a
                                    className="nav-link"
                                    data-rr-ui-event-key="font-large"
                                    onClick={[Function]}
                                    onKeyDown={[Function]}
                                    role="button"
                                    tabIndex={0}
                                  >
                                    <div
                                      className="fontSizeLarge"
                                    >
                                      <img
                                        alt="font-large"
                                        src="font-icon-blue.svg"
                                      />
                                    </div>
                                  </a>
                                </Anchor>
                              </NavLink>
                            </div>
                          </NavItem>
                        </div>
                      </Nav>
                    </Nav>
                  </div>
                </div>
              </Col>
            </div>
          </Row>
          <Row>
            <div
              className="row"
            >
              <Col>
                <div
                  className="col"
                >
                  <FormRange
                    className="formRange"
                    max="3"
                    min="1"
                    onChange={[Function]}
                    step="1"
                    value="1"
                  >
                    <input
                      className="formRange form-range"
                      max="3"
                      min="1"
                      onChange={[Function]}
                      step="1"
                      type="range"
                      value="1"
                    />
                  </FormRange>
                </div>
              </Col>
            </div>
          </Row>
        </div>
      </FontSizeSetting>
    </div>
  </div>
</PatientHeaderData>
`;
