// Jest Snapshot v1, https://goo.gl/fbAQLP

exports[`AllergiesWidget component should match snapshot 1`] = `
<div
  class="scrollWrapper allergiesWidgetContainer"
  style="height:100%"
>
  <div
    class="topScrollFade top0 default"
  />
  <div
    class="scrollContent"
  >
    <div
      class="allergiesWidgetContent"
    >
      <div
        class="allergiesWidgetContentItem"
      >
        <div
          class="allergiePlateContainer"
          data-testid="allergie-plate-item"
        >
          <div
            class="allergiePlateTopPart"
          >
            <div
              class="allergiePlateTopPartIcon"
            >
              <img
                alt="allergie icon"
                class="allergiePlateTopPartIconImg"
                src="food-allergie-icon.svg"
              />
              <img
                alt="severe level warning"
                class="allergiePlateTopPartIconWarning"
                src="severe-level-warning.svg"
              />
            </div>
            <div
              class="allergiePlateTopPartTitle"
            >
              Peanuts
            </div>
          </div>
          <div
            class="allergiePlateBottomPart"
          >
            <div
              class="allergiePlateBottomPartContainer"
            >
              <div
                class="allergiePlateBottomPartItem"
              >
                <div
                  class="allergiePlateBottomPartLabel"
                >
                  <span
                    data-testid="allergie-plate-date-recorded-title"
                  >
                    Date Recorded
                  </span>
                </div>
                <div
                  class="allergiePlateBottomPartValue"
                >
                  <span
                    data-testid="allergie-plate-date-recorded-value"
                  >
                    2/21/2022
                  </span>
                </div>
              </div>
              <div
                class="allergiePlateBottomPartItem"
              >
                <div
                  class="allergiePlateBottomPartLabel"
                >
                  <span
                    data-testid="allergie-plate-category-title"
                  >
                    Category
                  </span>
                </div>
                <div
                  class="allergiePlateBottomPartValue"
                >
                  <span
                    data-testid="allergie-plate-category-item"
                    data-testval="Food"
                  >
                    Food
                  </span>
                </div>
              </div>
              <div
                class="allergiePlateBottomPartReactionContainer"
              >
                <div
                  class="allergiePlateBottomPartItem"
                >
                  <div
                    class="allergiePlateBottomPartLabel"
                  >
                    <div
                      class="allergiePlateBottomPartReactionContainerItem"
                    >
                      <span
                        data-testid="allergie-plate-severity-title"
                      >
                        Severity
                        <img
                          alt="severe level warning"
                          class="allergiePlateBottomPartIconWarning"
                          src="severe-level-warning.svg"
                        />
                      </span>
                      <span
                        data-testid="allergie-plate-reaction-title"
                      >
                        Reaction
                      </span>
                    </div>
                  </div>
                  <div
                    class="allergiePlateBottomPartValue"
                  >
                    <div
                      class="allergiePlateBottomPartReactionContainerItem"
                    >
                      <span
                        data-testid="allergie-plate-severity-item"
                        data-testval="Severe"
                      >
                        Severe
                      </span>
                      <span
                        data-testid="allergie-plate-reaction-item"
                        data-testval="Anaphylaxis"
                      >
                        Anaphylaxis
                      </span>
                    </div>
                  </div>
                </div>
              </div>
            </div>
          </div>
        </div>
      </div>
      <div
        class="allergiesWidgetContentItem"
      >
        <div
          class="allergiePlateContainer"
          data-testid="allergie-plate-item"
        >
          <div
            class="allergiePlateTopPart"
          >
            <div
              class="allergiePlateTopPartIcon"
            >
              <img
                alt="allergie icon"
                class="allergiePlateTopPartIconImg"
                src="medical-allergie-icon.svg"
              />
            </div>
            <div
              class="allergiePlateTopPartTitle"
            >
              Penicillin
            </div>
          </div>
          <div
            class="allergiePlateBottomPart"
          >
            <div
              class="allergiePlateBottomPartContainer"
            >
              <div
                class="allergiePlateBottomPartItem"
              >
                <div
                  class="allergiePlateBottomPartLabel"
                >
                  <span
                    data-testid="allergie-plate-date-recorded-title"
                  >
                    Date Recorded
                  </span>
                </div>
                <div
                  class="allergiePlateBottomPartValue"
                >
                  <span
                    data-testid="allergie-plate-date-recorded-value"
                  >
                    2/18/2022
                  </span>
                </div>
              </div>
              <div
                class="allergiePlateBottomPartItem"
              >
                <div
                  class="allergiePlateBottomPartLabel"
                >
                  <span
                    data-testid="allergie-plate-category-title"
                  >
                    Category
                  </span>
                </div>
                <div
                  class="allergiePlateBottomPartValue"
                >
                  <span
                    data-testid="allergie-plate-category-item"
                    data-testval="Medication"
                  >
                    Medication
                  </span>
                </div>
              </div>
              <div
                class="allergiePlateBottomPartReactionContainer"
              >
                <div
                  class="allergiePlateBottomPartItem"
                >
                  <div
                    class="allergiePlateBottomPartLabel"
                  >
                    <div
                      class="allergiePlateBottomPartReactionContainerItem"
                    >
                      <span
                        data-testid="allergie-plate-severity-title"
                      >
                        Severity
                      </span>
                      <span
                        data-testid="allergie-plate-reaction-title"
                      >
                        Reaction
                      </span>
                    </div>
                  </div>
                  <div
                    class="allergiePlateBottomPartValue"
                  >
                    <div
                      class="allergiePlateBottomPartReactionContainerItem"
                    >
                      <span
                        data-testid="allergie-plate-severity-item"
                        data-testval="Moderate"
                      >
                        Moderate
                      </span>
                      <span
                        data-testid="allergie-plate-reaction-item"
                        data-testval="Itching"
                      >
                        Itching
                      </span>
                    </div>
                    <div
                      class="allergiePlateBottomPartReactionContainerItem"
                    >
                      <span
                        data-testid="allergie-plate-severity-item"
                        data-testval="Mild"
                      >
                        Mild
                      </span>
                      <span
                        data-testid="allergie-plate-reaction-item"
                        data-testval="Rush"
                      >
                        Rush
                      </span>
                    </div>
                  </div>
                </div>
              </div>
            </div>
          </div>
        </div>
      </div>
      <div
        class="allergiesWidgetContentItem"
      >
        <div
          class="allergiePlateContainer"
          data-testid="allergie-plate-item"
        >
          <div
            class="allergiePlateTopPart"
          >
            <div
              class="allergiePlateTopPartIcon"
            >
              <img
                alt="allergie icon"
                class="allergiePlateTopPartIconImg"
                src="biologic-allergie-icon.svg"
              />
            </div>
            <div
              class="allergiePlateTopPartTitle"
            >
              Latex
            </div>
          </div>
          <div
            class="allergiePlateBottomPart"
          >
            <div
              class="allergiePlateBottomPartContainer"
            >
              <div
                class="allergiePlateBottomPartItem"
              >
                <div
                  class="allergiePlateBottomPartLabel"
                >
                  <span
                    data-testid="allergie-plate-date-recorded-title"
                  >
                    Date Recorded
                  </span>
                </div>
                <div
                  class="allergiePlateBottomPartValue"
                >
                  <span
                    data-testid="allergie-plate-date-recorded-value"
                  >
                    2/14/2022
                  </span>
                </div>
              </div>
              <div
                class="allergiePlateBottomPartItem"
              >
                <div
                  class="allergiePlateBottomPartLabel"
                >
                  <span
                    data-testid="allergie-plate-category-title"
                  >
                    Category
                  </span>
                </div>
                <div
                  class="allergiePlateBottomPartValue"
                >
                  <span
                    data-testid="allergie-plate-category-item"
                    data-testval="Biologic"
                  >
                    Biologic
                  </span>
                </div>
              </div>
              <div
                class="allergiePlateBottomPartReactionContainer"
              >
                <div
                  class="allergiePlateBottomPartItem"
                >
                  <div
                    class="allergiePlateBottomPartLabel"
                  >
                    <div
                      class="allergiePlateBottomPartReactionContainerItem"
                    >
                      <span
                        data-testid="allergie-plate-severity-title"
                      >
                        Severity
                      </span>
                      <span
                        data-testid="allergie-plate-reaction-title"
                      >
                        Reaction
                      </span>
                    </div>
                  </div>
                  <div
                    class="allergiePlateBottomPartValue"
                  >
                    <div
                      class="allergiePlateBottomPartReactionContainerItem"
                    >
                      <span
                        data-testid="allergie-plate-severity-item"
                        data-testval="Mild"
                      >
                        Mild
                      </span>
                      <span
                        data-testid="allergie-plate-reaction-item"
                        data-testval="Rush"
                      >
                        Rush
                      </span>
                    </div>
                  </div>
                </div>
              </div>
            </div>
          </div>
        </div>
      </div>
      <div
        class="allergiesWidgetContentItem"
      >
        <div
          class="allergiePlateContainer"
          data-testid="allergie-plate-item"
        >
          <div
            class="allergiePlateTopPart"
          >
            <div
              class="allergiePlateTopPartIcon"
            >
              <img
                alt="allergie icon"
                class="allergiePlateTopPartIconImg"
                src="environment-allergie-icon.svg"
              />
            </div>
            <div
              class="allergiePlateTopPartTitle"
            >
              Pollen
            </div>
          </div>
          <div
            class="allergiePlateBottomPart"
          >
            <div
              class="allergiePlateBottomPartContainer"
            >
              <div
                class="allergiePlateBottomPartItem"
              >
                <div
                  class="allergiePlateBottomPartLabel"
                >
                  <span
                    data-testid="allergie-plate-date-recorded-title"
                  >
                    Date Recorded
                  </span>
                </div>
                <div
                  class="allergiePlateBottomPartValue"
                >
                  <span
                    data-testid="allergie-plate-date-recorded-value"
                  >
                    2/10/2022
                  </span>
                </div>
              </div>
              <div
                class="allergiePlateBottomPartItem"
              >
                <div
                  class="allergiePlateBottomPartLabel"
                >
                  <span
                    data-testid="allergie-plate-category-title"
                  >
                    Category
                  </span>
                </div>
                <div
                  class="allergiePlateBottomPartValue"
                >
                  <span
                    data-testid="allergie-plate-category-item"
                    data-testval="Environment"
                  >
                    Environment
                  </span>
                </div>
              </div>
              <div
                class="allergiePlateBottomPartReactionContainer"
              >
                <div
                  class="allergiePlateBottomPartItem"
                >
                  <div
                    class="allergiePlateBottomPartLabel"
                  >
                    <div
                      class="allergiePlateBottomPartReactionContainerItem"
                    >
                      <span
                        data-testid="allergie-plate-severity-title"
                      >
                        Severity
                      </span>
                      <span
                        data-testid="allergie-plate-reaction-title"
                      >
                        Reaction
                      </span>
                    </div>
                  </div>
                  <div
                    class="allergiePlateBottomPartValue"
                  >
                    <div
                      class="allergiePlateBottomPartReactionContainerItem"
                    >
                      <span
                        data-testid="allergie-plate-severity-item"
                        data-testval="Mild"
                      >
                        Mild
                      </span>
                      <span
                        data-testid="allergie-plate-reaction-item"
                        data-testval="Congestion"
                      >
                        Congestion
                      </span>
                    </div>
                    <div
                      class="allergiePlateBottomPartReactionContainerItem"
                    >
                      <span
                        data-testid="allergie-plate-severity-item"
                        data-testval="Mild"
                      >
                        Mild
                      </span>
                      <span
                        data-testid="allergie-plate-reaction-item"
                        data-testval="Rush"
                      >
                        Rush
                      </span>
                    </div>
                  </div>
                </div>
              </div>
            </div>
          </div>
        </div>
      </div>
      <div
        class="allergiesWidgetContentItem"
      >
        <div
          class="allergiePlateContainer"
          data-testid="allergie-plate-item"
        >
          <div
            class="allergiePlateTopPart"
          >
            <div
              class="allergiePlateTopPartIcon"
            >
              <img
                alt="allergie icon"
                class="allergiePlateTopPartIconImg"
                src="no-allergies-icon.svg"
              />
            </div>
            <div
              class="allergiePlateTopPartTitle"
            >
              Latex
            </div>
          </div>
          <div
            class="allergiePlateBottomPart"
          >
            <div
              class="allergiePlateBottomPartContainer"
            >
              <div
                class="allergiePlateBottomPartItem"
              >
                <div
                  class="allergiePlateBottomPartLabel"
                >
                  <span
                    data-testid="allergie-plate-date-recorded-title"
                  >
                    Date Recorded
                  </span>
                </div>
                <div
                  class="allergiePlateBottomPartValue"
                >
                  <span
                    data-testid="allergie-plate-date-recorded-value"
                  >
                    2/4/2022
                  </span>
                </div>
              </div>
              <div
                class="allergiePlateBottomPartItem"
              >
                <div
                  class="allergiePlateBottomPartLabel"
                >
                  <span
                    data-testid="allergie-plate-category-title"
                  >
                    Category
                  </span>
                </div>
                <div
                  class="allergiePlateBottomPartValue"
                >
                  <span
                    data-testid="allergie-plate-category-item"
                    data-testval="Biologic"
                  >
                    Biologic
                  </span>
                  <span
                    data-testid="allergie-plate-category-item"
                    data-testval="Food"
                  >
                    Food
                  </span>
                </div>
              </div>
              <div
                class="allergiePlateBottomPartReactionContainer"
              >
                <div
                  class="allergiePlateBottomPartItem"
                >
                  <div
                    class="allergiePlateBottomPartLabel"
                  >
                    <div
                      class="allergiePlateBottomPartReactionContainerItem"
                    >
                      <span
                        data-testid="allergie-plate-severity-title"
                      >
                        Severity
                      </span>
                      <span
                        data-testid="allergie-plate-reaction-title"
                      >
                        Reaction
                      </span>
                    </div>
                  </div>
                  <div
                    class="allergiePlateBottomPartValue"
                  >
                    <div
                      class="allergiePlateBottomPartReactionContainerItem"
                    >
                      <span
                        data-testid="allergie-plate-severity-item"
                        data-testval="Mild"
                      >
                        Mild
                      </span>
                      <span
                        data-testid="allergie-plate-reaction-item"
                        data-testval="Rush"
                      >
                        Rush
                      </span>
                    </div>
                  </div>
                </div>
              </div>
            </div>
          </div>
        </div>
      </div>
      <div
        class="allergiesWidgetContentEmptyItem allergiesWidgetContentItem"
      />
    </div>
  </div>
  <div
    class="bottomScrollFade bottom0 default"
  />
</div>
`;

exports[`AllergiesWidget no allergies widget should match snapshot 1`] = `
<div
  class="noAllergiesContainer"
>
  <div
    class="noAllergiesIcon"
  >
    <img
      alt="no allergies"
      src="no-allergies-icon.svg"
    />
  </div>
  <div
    class="noAllergiesText"
  >
    No Known Allergies
  </div>
</div>
`;

exports[`AllergiesWidget skeleton should match snapshot 1`] = `
<div
  class="allergiesWidgetSkeleton"
>
  <div
    class="allergiePlateSkeleton"
  >
    <div
      class="dulyLoaderWrapper"
      style="width:8rem"
    >
      <div
        aria-label="animation"
        role="button"
        style="width:100%;height:100%;overflow:hidden;margin:0 auto;outline:none"
        tabindex="0"
        title=""
      />
    </div>
  </div>
  <div
    class="allergiePlateSkeleton"
  >
    <div
      class="dulyLoaderWrapper"
      style="width:8rem"
    >
      <div
        aria-label="animation"
        role="button"
        style="width:100%;height:100%;overflow:hidden;margin:0 auto;outline:none"
        tabindex="0"
        title=""
      />
    </div>
  </div>
  <div
    class="allergiePlateSkeleton"
  >
    <div
      class="dulyLoaderWrapper"
      style="width:8rem"
    >
      <div
        aria-label="animation"
        role="button"
        style="width:100%;height:100%;overflow:hidden;margin:0 auto;outline:none"
        tabindex="0"
        title=""
      />
    </div>
  </div>
  <div
    class="allergiePlateSkeleton"
  >
    <div
      class="dulyLoaderWrapper"
      style="width:8rem"
    >
      <div
        aria-label="animation"
        role="button"
        style="width:100%;height:100%;overflow:hidden;margin:0 auto;outline:none"
        tabindex="0"
        title=""
      />
    </div>
  </div>
  <div
    class="allergiePlateSkeleton"
  >
    <div
      class="dulyLoaderWrapper"
      style="width:8rem"
    >
      <div
        aria-label="animation"
        role="button"
        style="width:100%;height:100%;overflow:hidden;margin:0 auto;outline:none"
        tabindex="0"
        title=""
      />
    </div>
  </div>
  <div
    class="allergiePlateSkeleton"
  >
    <div
      class="dulyLoaderWrapper"
      style="width:8rem"
    >
      <div
        aria-label="animation"
        role="button"
        style="width:100%;height:100%;overflow:hidden;margin:0 auto;outline:none"
        tabindex="0"
        title=""
      />
    </div>
  </div>
</div>
`;
